// Jest Snapshot v1, https://goo.gl/fbAQLP

exports[`react-native-breeze plugin Should compile breeze background color 1`] = `
"var _reactNative = require(\\"react-native\\");

var _reactNativeBreeze = require(\\"react-native-breeze\\");

var Calendar = function Calendar() {
  var _platformStyles = React.useMemo(function () {
    var styles = {
      default: {
        base: {
          all: {
            backgroundColor: \\"#f56565\\"
          }
        }
      }
    };
    var isNative = Platform.OS === \\"android\\" || Platform.OS === \\"ios\\";
    var defaultStyles = styles.default;
    var osStyles = styles[Platform.OS] || {};
    var nativeStyles = isNative ? styles.native || {} : {};
    return (0, _reactNativeBreeze.mergeStyles)([defaultStyles, nativeStyles, osStyles]);
  }, []);

  return React.createElement(_reactNative.View, { style: { ..._platformStyles.base.all
    } });
};"
`;

exports[`react-native-breeze plugin Should compile regular style 1`] = `"var _reactNative=require(\\"react-native\\");var Component=function Component(){return React.createElement(_reactNative.View,{style:{backgroundColor:\\"red\\"}});};"`;
