// Jest Snapshot v1, https://goo.gl/fbAQLP

exports[`react-native-breeze plugin Should compile breeze background color 1`] = `
"var _reactNativeBreeze = require(\\"react-native-breeze\\");

var _reactNative = require(\\"react-native\\");

var Calendar = function Calendar() {
  var _hook = (0, _reactNativeBreeze.useBreeze)({default:{base:{all:{backgroundColor:\\"#f56565\\"}}}});

  return React.createElement(_reactNative.View, { style: _hook.styles.base.all });
};"
`;

exports[`react-native-breeze plugin Should compile regular style 1`] = `"var _reactNative=require(\\"react-native\\");var Component=function Component(){return React.createElement(_reactNative.View,{style:{backgroundColor:\\"red\\"}});};"`;
